CREATE EXTENSION pg_background;
CREATE TABLE t(id integer);
SELECT * FROM pg_background_result(pg_background_launch('INSERT INTO t SELECT 1')) AS (result TEXT);
   result   
------------
 INSERT 0 1
(1 row)

SELECT * FROM t;
 id 
----
  1
(1 row)

